<html>
<body>
<pre>
<h1>礦ision Build Log</h1>
<h2>Project:</h2>
C:\Users\59376\Desktop\大二下\ARM\实验\实验二.uvproj
Project File Date:  05/26/2020

<h2>Output:</h2>
Rebuild target 'Target 1'
assembling S3C2440.s...
S3C2440.s(1148): warning: A1608W: MOV pc,<rn> instruction used, but BX <rn> is preferred
compiling lab2-3c.c...
linking...
Program Size: Code=648 RO-data=16 RW-data=0 ZI-data=1256  
".\实验二.axf" - 0 Error(s), 1 Warning(s).
</pre>
</body>
</html>
Undefined symbol Image$$RW_RAM1$$RW$$Length (referred from s3c2440.o).
Finished: 0 information, 0 warning and 2 error messages.
".\实验二.axf" - 2 Error(s), 1 Warning(s).
Target not created
)...'.
.\实验二.axf: Error: L6372E: Image needs at least one load region.
Not enough information to list image symbols.
Not enough information to list the image map.
Finished: 2 information, 0 warning and 6 error messages.
".\实验二.axf" - 6 Error(s), 0 Warning(s).
Target not created
